Archive member included to satisfy reference by file (symbol)

c:/program files (x86)/atmel/studio/7.0/toolchain/arm/arm-gnu-toolchain/bin/../lib/gcc/arm-none-eabi/6.3.1/thumb/v6-m\libgcc.a(_udivsi3.o)
                              hpl/core/hpl_core_m0plus_base.o (__aeabi_uidiv)
c:/program files (x86)/atmel/studio/7.0/toolchain/arm/arm-gnu-toolchain/bin/../lib/gcc/arm-none-eabi/6.3.1/thumb/v6-m\libgcc.a(_divsi3.o)
                              main.o (__aeabi_idiv)
c:/program files (x86)/atmel/studio/7.0/toolchain/arm/arm-gnu-toolchain/bin/../lib/gcc/arm-none-eabi/6.3.1/thumb/v6-m\libgcc.a(_dvmd_tls.o)
                              c:/program files (x86)/atmel/studio/7.0/toolchain/arm/arm-gnu-toolchain/bin/../lib/gcc/arm-none-eabi/6.3.1/thumb/v6-m\libgcc.a(_udivsi3.o) (__aeabi_idiv0)
c:/program files (x86)/atmel/studio/7.0/toolchain/arm/arm-gnu-toolchain/bin/../lib/gcc/arm-none-eabi/6.3.1/thumb/v6-m\libgcc.a(_arm_cmpdf2.o)
                              main.o (__aeabi_dcmpgt)
c:/program files (x86)/atmel/studio/7.0/toolchain/arm/arm-gnu-toolchain/bin/../lib/gcc/arm-none-eabi/6.3.1/thumb/v6-m\libgcc.a(_aeabi_uldivmod.o)
                              hpl/sercom/hpl_sercom.o (__aeabi_uldivmod)
c:/program files (x86)/atmel/studio/7.0/toolchain/arm/arm-gnu-toolchain/bin/../lib/gcc/arm-none-eabi/6.3.1/thumb/v6-m\libgcc.a(_muldi3.o)
                              hpl/sercom/hpl_sercom.o (__aeabi_lmul)
c:/program files (x86)/atmel/studio/7.0/toolchain/arm/arm-gnu-toolchain/bin/../lib/gcc/arm-none-eabi/6.3.1/thumb/v6-m\libgcc.a(_fixunsdfsi.o)
                              hpl/sercom/hpl_sercom.o (__aeabi_d2uiz)
c:/program files (x86)/atmel/studio/7.0/toolchain/arm/arm-gnu-toolchain/bin/../lib/gcc/arm-none-eabi/6.3.1/thumb/v6-m\libgcc.a(_udivmoddi4.o)
                              c:/program files (x86)/atmel/studio/7.0/toolchain/arm/arm-gnu-toolchain/bin/../lib/gcc/arm-none-eabi/6.3.1/thumb/v6-m\libgcc.a(_aeabi_uldivmod.o) (__udivmoddi4)
c:/program files (x86)/atmel/studio/7.0/toolchain/arm/arm-gnu-toolchain/bin/../lib/gcc/arm-none-eabi/6.3.1/thumb/v6-m\libgcc.a(adddf3.o)
                              main.o (__aeabi_dadd)
c:/program files (x86)/atmel/studio/7.0/toolchain/arm/arm-gnu-toolchain/bin/../lib/gcc/arm-none-eabi/6.3.1/thumb/v6-m\libgcc.a(divdf3.o)
                              hpl/sercom/hpl_sercom.o (__aeabi_ddiv)
c:/program files (x86)/atmel/studio/7.0/toolchain/arm/arm-gnu-toolchain/bin/../lib/gcc/arm-none-eabi/6.3.1/thumb/v6-m\libgcc.a(eqdf2.o)
                              c:/program files (x86)/atmel/studio/7.0/toolchain/arm/arm-gnu-toolchain/bin/../lib/gcc/arm-none-eabi/6.3.1/thumb/v6-m\libgcc.a(_arm_cmpdf2.o) (__eqdf2)
c:/program files (x86)/atmel/studio/7.0/toolchain/arm/arm-gnu-toolchain/bin/../lib/gcc/arm-none-eabi/6.3.1/thumb/v6-m\libgcc.a(gedf2.o)
                              c:/program files (x86)/atmel/studio/7.0/toolchain/arm/arm-gnu-toolchain/bin/../lib/gcc/arm-none-eabi/6.3.1/thumb/v6-m\libgcc.a(_arm_cmpdf2.o) (__gedf2)
c:/program files (x86)/atmel/studio/7.0/toolchain/arm/arm-gnu-toolchain/bin/../lib/gcc/arm-none-eabi/6.3.1/thumb/v6-m\libgcc.a(ledf2.o)
                              c:/program files (x86)/atmel/studio/7.0/toolchain/arm/arm-gnu-toolchain/bin/../lib/gcc/arm-none-eabi/6.3.1/thumb/v6-m\libgcc.a(_arm_cmpdf2.o) (__ledf2)
c:/program files (x86)/atmel/studio/7.0/toolchain/arm/arm-gnu-toolchain/bin/../lib/gcc/arm-none-eabi/6.3.1/thumb/v6-m\libgcc.a(muldf3.o)
                              hpl/sercom/hpl_sercom.o (__aeabi_dmul)
c:/program files (x86)/atmel/studio/7.0/toolchain/arm/arm-gnu-toolchain/bin/../lib/gcc/arm-none-eabi/6.3.1/thumb/v6-m\libgcc.a(subdf3.o)
                              hpl/sercom/hpl_sercom.o (__aeabi_dsub)
c:/program files (x86)/atmel/studio/7.0/toolchain/arm/arm-gnu-toolchain/bin/../lib/gcc/arm-none-eabi/6.3.1/thumb/v6-m\libgcc.a(fixdfsi.o)
                              c:/program files (x86)/atmel/studio/7.0/toolchain/arm/arm-gnu-toolchain/bin/../lib/gcc/arm-none-eabi/6.3.1/thumb/v6-m\libgcc.a(_fixunsdfsi.o) (__aeabi_d2iz)
c:/program files (x86)/atmel/studio/7.0/toolchain/arm/arm-gnu-toolchain/bin/../lib/gcc/arm-none-eabi/6.3.1/thumb/v6-m\libgcc.a(floatsidf.o)
                              hpl/sercom/hpl_sercom.o (__aeabi_i2d)
c:/program files (x86)/atmel/studio/7.0/toolchain/arm/arm-gnu-toolchain/bin/../lib/gcc/arm-none-eabi/6.3.1/thumb/v6-m\libgcc.a(floatunsidf.o)
                              hpl/sercom/hpl_sercom.o (__aeabi_ui2d)
c:/program files (x86)/atmel/studio/7.0/toolchain/arm/arm-gnu-toolchain/bin/../lib/gcc/arm-none-eabi/6.3.1/thumb/v6-m\libgcc.a(_clzsi2.o)
                              c:/program files (x86)/atmel/studio/7.0/toolchain/arm/arm-gnu-toolchain/bin/../lib/gcc/arm-none-eabi/6.3.1/thumb/v6-m\libgcc.a(adddf3.o) (__clzsi2)
c:/program files (x86)/atmel/studio/7.0/toolchain/arm/arm-gnu-toolchain/bin/../lib/gcc/arm-none-eabi/6.3.1/thumb/v6-m\libgcc.a(_clzdi2.o)
[...]
Memory Configuration

Name             Origin             Length             Attributes
rom              0x00000000         0x00020000         xr
ram              0x20000000         0x00004000         xrw
lpram            0x30000000         0x00002000         xrw
*default*        0x00000000         0xffffffff

Linker script and memory map

LOAD c:/program files (x86)/atmel/studio/7.0/toolchain/arm/arm-gnu-toolchain/bin/../lib/gcc/arm-none-eabi/6.3.1/thumb/v6-m/crti.o
LOAD c:/program files (x86)/atmel/studio/7.0/toolchain/arm/arm-gnu-toolchain/bin/../lib/gcc/arm-none-eabi/6.3.1/thumb/v6-m/crtbegin.o
LOAD c:/program files (x86)/atmel/studio/7.0/toolchain/arm/arm-gnu-toolchain/bin/../lib/gcc/arm-none-eabi/6.3.1/../../../../arm-none-eabi/lib/thumb/v6-m/crt0.o
LOAD atmel_start.o
LOAD Device_Startup/startup_saml21.o
LOAD Device_Startup/system_saml21.o
LOAD driver_init.o
LOAD examples/driver_examples.o
LOAD hal/src/hal_adc_sync.o
LOAD hal/src/hal_atomic.o
LOAD hal/src/hal_dac_sync.o
LOAD hal/src/hal_delay.o
LOAD hal/src/hal_gpio.o
LOAD hal/src/hal_init.o
LOAD hal/src/hal_io.o
LOAD hal/src/hal_sleep.o
LOAD hal/src/hal_spi_s_sync.o
LOAD hal/utils/src/utils_assert.o
LOAD hal/utils/src/utils_event.o
LOAD hal/utils/src/utils_list.o
LOAD hal/utils/src/utils_syscalls.o
LOAD hpl/adc/hpl_adc.o
LOAD hpl/core/hpl_core_m0plus_base.o
LOAD hpl/core/hpl_init.o
LOAD hpl/dac/hpl_dac.o
LOAD hpl/dmac/hpl_dmac.o
LOAD hpl/gclk/hpl_gclk.o
LOAD hpl/mclk/hpl_mclk.o
LOAD hpl/osc32kctrl/hpl_osc32kctrl.o
LOAD hpl/oscctrl/hpl_oscctrl.o
LOAD hpl/pm/hpl_pm.o
LOAD hpl/sercom/hpl_sercom.o
LOAD main.o
START GROUP
LOAD c:/program files (x86)/atmel/studio/7.0/toolchain/arm/arm-gnu-toolchain/bin/../lib/gcc/arm-none-eabi/6.3.1/../../../../arm-none-eabi/lib/thumb/v6-m\libm.a
END GROUP
START GROUP
LOAD c:/program files (x86)/atmel/studio/7.0/toolchain/arm/arm-gnu-toolchain/bin/../lib/gcc/arm-none-eabi/6.3.1/thumb/v6-m\libgcc.a
LOAD c:/program files (x86)/atmel/studio/7.0/toolchain/arm/arm-gnu-toolchain/bin/../lib/gcc/arm-none-eabi/6.3.1/../../../../arm-none-eabi/lib/thumb/v6-m\libc_nano.a
END GROUP
START GROUP
LOAD c:/program files (x86)/atmel/studio/7.0/toolchain/arm/arm-gnu-toolchain/bin/../lib/gcc/arm-none-eabi/6.3.1/thumb/v6-m\libgcc.a
LOAD c:/program files (x86)/atmel/studio/7.0/toolchain/arm/arm-gnu-toolchain/bin/../lib/gcc/arm-none-eabi/6.3.1/../../../../arm-none-eabi/lib/thumb/v6-m\libc_nano.a
END GROUP
LOAD c:/program files (x86)/atmel/studio/7.0/toolchain/arm/arm-gnu-toolchain/bin/../lib/gcc/arm-none-eabi/6.3.1/thumb/v6-m/crtend.o
LOAD c:/program files (x86)/atmel/studio/7.0/toolchain/arm/arm-gnu-toolchain/bin/../lib/gcc/arm-none-eabi/6.3.1/thumb/v6-m/crtn.o
                0x00001000                STACK_SIZE = DEFINED (STACK_SIZE)?STACK_SIZE:DEFINED (__stack_size__)?__stack_size__:0x1000

.text           0x00000000     0x3848
                0x00000000                . = ALIGN (0x4)
                0x00000000                _sfixed = .
 *(.vectors .vectors.*)
 .vectors       0x00000000       0xb4 Device_Startup/startup_saml21.o
                0x00000000                exception_table
 *(.text .text.* .gnu.linkonce.t.*)
 .text          0x000000b4       0x60 c:/program files (x86)/atmel/studio/7.0/toolchain/arm/arm-gnu-toolchain/bin/../lib/gcc/arm-none-eabi/6.3.1/thumb/v6-m/crtbegin.o
 .text.atmel_start_init
                0x00000114        0xc atmel_start.o
                0x00000114                atmel_start_init
 .text.Dummy_Handler
                0x00000120        0x2 Device_Startup/startup_saml21.o
                0x00000120                SVCall_Handler
                0x00000120                DMAC_Handler
                0x00000120                TRNG_Handler
                0x00000120                HardFault_Handler
                0x00000120                AC_Handler
                0x00000120                SysTick_Handler
                0x00000120                PendSV_Handler
                0x00000120                SERCOM1_Handler
                0x00000120                ADC_Handler
                0x00000120                NonMaskableInt_Handler
                0x00000120                TCC1_Handler
                0x00000120                SERCOM2_Handler
                0x00000120                TCC0_Handler
                0x00000120                RTC_Handler
                0x00000120                EIC_Handler
                0x00000120                WDT_Handler
                0x00000120                TC4_Handler
                0x00000120                TC1_Handler
                0x00000120                USB_Handler
                0x00000120                Dummy_Handler
                0x00000120                SERCOM5_Handler
                0x00000120                TCC2_Handler
                0x00000120                EVSYS_Handler
                0x00000120                SERCOM3_Handler
                0x00000120                SERCOM4_Handler
                0x00000120                NVMCTRL_Handler
                0x00000120                SYSTEM_Handler
                0x00000120                SERCOM0_Handler
                0x00000120                DAC_Handler
                0x00000120                PTC_Handler
                0x00000120                TC0_Handler
                0x00000120                AES_Handler
 *fill*         0x00000122        0x2 
 .text.Reset_Handler
                0x00000124       0x98 Device_Startup/startup_saml21.o
                0x00000124                Reset_Handler
 .text.ADC_0_PORT_init
                0x000001bc       0xa8 driver_init.o
                0x000001bc                ADC_0_PORT_init
 .text.ADC_0_CLOCK_init
                0x00000264       0x1c driver_init.o
                0x00000264                ADC_0_CLOCK_init
 .text.ADC_0_init
                0x00000280       0x14 driver_init.o
                0x00000280                ADC_0_init
 .text.SPI_0_PORT_init
                0x00000294      0x14c driver_init.o
                0x00000294                SPI_0_PORT_init
 .text.SPI_0_CLOCK_init
                0x000003e0       0x24 driver_init.o
                0x000003e0                SPI_0_CLOCK_init
 .text.SPI_0_init
                0x00000404       0x28 driver_init.o
                0x00000404                SPI_0_init
 .text.DAC_0_PORT_init
                0x0000042c       0x68 driver_init.o
                0x0000042c                DAC_0_PORT_init
 .text.DAC_0_CLOCK_init
                0x00000494       0x20 driver_init.o
                0x00000494                DAC_0_CLOCK_init
 .text.DAC_0_init
                0x000004b4       0x28 driver_init.o
                0x000004b4                DAC_0_init
 .text.system_init
                0x000004dc       0x24 driver_init.o
                0x000004dc                system_init
 .text.adc_sync_init
                0x00000500       0x34 hal/src/hal_adc_sync.o
                0x00000500                adc_sync_init
 .text.adc_sync_enable_channel
                0x00000534       0x2c hal/src/hal_adc_sync.o
                0x00000534                adc_sync_enable_channel
 .text.adc_sync_disable_channel
                0x00000560       0x2c hal/src/hal_adc_sync.o
                0x00000560                adc_sync_disable_channel
 .text.adc_sync_read_channel
                0x0000058c       0xc0 hal/src/hal_adc_sync.o
                0x0000058c                adc_sync_read_channel
 .text.dac_sync_init
                0x0000064c       0x44 hal/src/hal_dac_sync.o
                0x0000064c                dac_sync_init
 .text.dac_sync_enable_channel
                0x00000690       0x3c hal/src/hal_dac_sync.o
                0x00000690                dac_sync_enable_channel
 .text.dac_sync_disable_channel
                0x000006cc       0x3c hal/src/hal_dac_sync.o
                0x000006cc                dac_sync_disable_channel
 .text.dac_sync_write
                0x00000708       0x94 hal/src/hal_dac_sync.o
                0x00000708                dac_sync_write
 .text.delay_us
                0x0000079c       0x20 hal/src/hal_delay.o
                0x0000079c                delay_us
 .text.delay_ms
                0x000007bc       0x20 hal/src/hal_delay.o
                0x000007bc                delay_ms
 .text.io_write
                0x000007dc       0x34 hal/src/hal_io.o
                0x000007dc                io_write
 .text.io_read  0x00000810       0x34 hal/src/hal_io.o
                0x00000810                io_read
 .text._spi_s_sync_xfer
                0x00000844      0x15c hal/src/hal_spi_s_sync.o
 .text._spi_s_sync_io_write
                0x000009a0       0x38 hal/src/hal_spi_s_sync.o
 .text._spi_s_sync_io_read
                0x000009d8       0x38 hal/src/hal_spi_s_sync.o
 .text.spi_s_sync_init
                0x00000a10       0x4c hal/src/hal_spi_s_sync.o
                0x00000a10                spi_s_sync_init
 .text.spi_s_sync_enable
                0x00000a5c       0x28 hal/src/hal_spi_s_sync.o
                0x00000a5c                spi_s_sync_enable
 .text.spi_s_sync_set_mode
                0x00000a84       0x2c hal/src/hal_spi_s_sync.o
                0x00000a84                spi_s_sync_set_mode
 .text.spi_s_sync_get_io_descriptor
                0x00000ab0       0x30 hal/src/hal_spi_s_sync.o
                0x00000ab0                spi_s_sync_get_io_descriptor
 .text.assert   0x00000ae0        0x8 hal/utils/src/utils_assert.o
                0x00000ae0                assert
 .text._adc_get_regs
                0x00000ae8       0x2c hpl/adc/hpl_adc.o
 .text._adc_init
                0x00000b14      0x148 hpl/adc/hpl_adc.o
 .text._adc_sync_init
                0x00000c5c       0x38 hpl/adc/hpl_adc.o
                0x00000c5c                _adc_sync_init
 .text._adc_sync_enable_channel
                0x00000c94       0x14 hpl/adc/hpl_adc.o
                0x00000c94                _adc_sync_enable_channel
 .text._adc_sync_disable_channel
                0x00000ca8       0x14 hpl/adc/hpl_adc.o
                0x00000ca8                _adc_sync_disable_channel
 .text._adc_sync_get_data_size
                0x00000cbc       0x12 hpl/adc/hpl_adc.o
                0x00000cbc                _adc_sync_get_data_size
 .text._adc_sync_is_channel_conversion_done
                0x00000cce        0xa hpl/adc/hpl_adc.o
                0x00000cce                _adc_sync_is_channel_conversion_done
 .text._adc_sync_convert
                0x00000cd8       0x12 hpl/adc/hpl_adc.o
                0x00000cd8                _adc_sync_convert
 .text._adc_sync_read_channel_data
                0x00000cea        0x8 hpl/adc/hpl_adc.o
                0x00000cea                _adc_sync_read_channel_data
 *fill*         0x00000cf2        0x2 
 .text._get_cycles_for_us
                0x00000cf4       0x1c hpl/core/hpl_core_m0plus_base.o
                0x00000cf4                _get_cycles_for_us
 .text._get_cycles_for_ms
                0x00000d10       0x20 hpl/core/hpl_core_m0plus_base.o
                0x00000d10                _get_cycles_for_ms
 .text._delay_cycles
                0x00000d30        0x6 hpl/core/hpl_core_m0plus_base.o
                0x00000d30                _delay_cycles
 *fill*         0x00000d36        0x2 
 .text._init_chip
                0x00000d38       0x44 hpl/core/hpl_init.o
                0x00000d38                _init_chip
 .text._dac_init
                0x00000d7c       0x88 hpl/dac/hpl_dac.o
 .text._dac_sync_init
                0x00000e04       0x2c hpl/dac/hpl_dac.o
                0x00000e04                _dac_sync_init
 .text._dac_sync_enable_channel
                0x00000e30       0x56 hpl/dac/hpl_dac.o
                0x00000e30                _dac_sync_enable_channel
 .text._dac_sync_disable_channel
                0x00000e86       0x5a hpl/dac/hpl_dac.o
                0x00000e86                _dac_sync_disable_channel
 .text._dac_sync_is_channel_enable
                0x00000ee0       0x22 hpl/dac/hpl_dac.o
                0x00000ee0                _dac_sync_is_channel_enable
 .text._dac_sync_write_data
                0x00000f02       0x12 hpl/dac/hpl_dac.o
                0x00000f02                _dac_sync_write_data
 .text._gclk_init_generators_by_fref
                0x00000f14       0x24 hpl/gclk/hpl_gclk.o
                0x00000f14                _gclk_init_generators_by_fref
 .text._mclk_init
                0x00000f38       0x14 hpl/mclk/hpl_mclk.o
                0x00000f38                _mclk_init
 .text._osc32kctrl_init_sources
                0x00000f4c       0x10 hpl/osc32kctrl/hpl_osc32kctrl.o
                0x00000f4c                _osc32kctrl_init_sources
 .text._oscctrl_init_sources
                0x00000f5c       0x38 hpl/oscctrl/hpl_oscctrl.o
                0x00000f5c                _oscctrl_init_sources
 .text._oscctrl_init_referenced_generators
                0x00000f94        0x2 hpl/oscctrl/hpl_oscctrl.o
                0x00000f94                _oscctrl_init_referenced_generators
 .text._set_performance_level
                0x00000f96       0x2a hpl/pm/hpl_pm.o
                0x00000f96                _set_performance_level
 .text._spi_sync_enable
                0x00000fc0       0x20 hpl/sercom/hpl_sercom.o
 .text._spi_set_mode
                0x00000fe0       0x38 hpl/sercom/hpl_sercom.o
 .text._spi_m_sync_init
                0x00001018       0xfc hpl/sercom/hpl_sercom.o
                0x00001018                _spi_m_sync_init
 .text._spi_s_sync_init
                0x00001114        0xc hpl/sercom/hpl_sercom.o
                0x00001114                _spi_s_sync_init
 .text._spi_s_sync_enable
                0x00001120       0x34 hpl/sercom/hpl_sercom.o
                0x00001120                _spi_s_sync_enable
 .text._spi_s_sync_set_mode
                0x00001154       0x38 hpl/sercom/hpl_sercom.o
                0x00001154                _spi_s_sync_set_mode
 .text._spi_s_sync_write_one
                0x0000118c       0x34 hpl/sercom/hpl_sercom.o
                0x0000118c                _spi_s_sync_write_one
 .text._spi_s_sync_read_one
                0x000011c0       0x30 hpl/sercom/hpl_sercom.o
                0x000011c0                _spi_s_sync_read_one
 .text._spi_s_sync_is_tx_ready
                0x000011f0       0x34 hpl/sercom/hpl_sercom.o
                0x000011f0                _spi_s_sync_is_tx_ready
 .text._spi_s_sync_is_rx_ready
                0x00001224       0x34 hpl/sercom/hpl_sercom.o
                0x00001224                _spi_s_sync_is_rx_ready
 .text._spi_s_sync_is_ss_deactivated
                0x00001258       0x38 hpl/sercom/hpl_sercom.o
                0x00001258                _spi_s_sync_is_ss_deactivated
 .text._spi_s_sync_is_error
                0x00001290       0x40 hpl/sercom/hpl_sercom.o
                0x00001290                _spi_s_sync_is_error
 .text.Run_DAC_with_Time
                0x000012d0       0x80 main.o
                0x000012d0                Run_DAC_with_Time
 .text.Run_ADC  0x00001350       0xc8 main.o
                0x00001350                Run_ADC
 .text.main     0x00001418      0x8ac main.o
                0x00001418                main
 .text          0x00001cc4      0x114 c:/program files (x86)/atmel/studio/7.0/toolchain/arm/arm-gnu-toolchain/bin/../lib/gcc/arm-none-eabi/6.3.1/thumb/v6-m\libgcc.a(_udivsi3.o)
                0x00001cc4                __aeabi_uidiv
                0x00001cc4                __udivsi3
                0x00001dd0                __aeabi_uidivmod
 .text          0x00001dd8      0x1d4 c:/program files (x86)/atmel/studio/7.0/toolchain/arm/arm-gnu-toolchain/bin/../lib/gcc/arm-none-eabi/6.3.1/thumb/v6-m\libgcc.a(_divsi3.o)
                0x00001dd8                __divsi3
                0x00001dd8                __aeabi_idiv
                0x00001fa4                __aeabi_idivmod
 .text          0x00001fac        0x4 c:/program files (x86)/atmel/studio/7.0/toolchain/arm/arm-gnu-toolchain/bin/../lib/gcc/arm-none-eabi/6.3.1/thumb/v6-m\libgcc.a(_dvmd_tls.o)
                0x00001fac                __aeabi_idiv0
                0x00001fac                __aeabi_ldiv0
 .text          0x00001fb0       0x7c c:/program files (x86)/atmel/studio/7.0/toolchain/arm/arm-gnu-toolchain/bin/../lib/gcc/arm-none-eabi/6.3.1/thumb/v6-m\libgcc.a(_arm_cmpdf2.o)
                0x00001fb0                __aeabi_cdrcmple
                0x00001fc0                __aeabi_cdcmple
                0x00001fc0                __aeabi_cdcmpeq
                0x00001fd0                __aeabi_dcmpeq
                0x00001fdc                __aeabi_dcmplt
                0x00001ff0                __aeabi_dcmple
                0x00002004                __aeabi_dcmpgt
                0x00002018                __aeabi_dcmpge
 .text          0x0000202c       0x3c c:/program files (x86)/atmel/studio/7.0/toolchain/arm/arm-gnu-toolchain/bin/../lib/gcc/arm-none-eabi/6.3.1/thumb/v6-m\libgcc.a(_fixunsdfsi.o)
                0x0000202c                __aeabi_d2uiz
                0x0000202c                __fixunsdfsi
 .text          0x00002068      0x620 c:/program files (x86)/atmel/studio/7.0/toolchain/arm/arm-gnu-toolchain/bin/../lib/gcc/arm-none-eabi/6.3.1/thumb/v6-m\libgcc.a(adddf3.o)
                0x00002068                __aeabi_dadd
 .text          0x00002688      0x668 c:/program files (x86)/atmel/studio/7.0/toolchain/arm/arm-gnu-toolchain/bin/../lib/gcc/arm-none-eabi/6.3.1/thumb/v6-m\libgcc.a(divdf3.o)
                0x00002688                __aeabi_ddiv
 .text          0x00002cf0       0x74 c:/program files (x86)/atmel/studio/7.0/toolchain/arm/arm-gnu-toolchain/bin/../lib/gcc/arm-none-eabi/6.3.1/thumb/v6-m\libgcc.a(eqdf2.o)
                0x00002cf0                __nedf2
                0x00002cf0                __eqdf2
 .text          0x00002d64       0xc8 c:/program files (x86)/atmel/studio/7.0/toolchain/arm/arm-gnu-toolchain/bin/../lib/gcc/arm-none-eabi/6.3.1/thumb/v6-m\libgcc.a(gedf2.o)
                0x00002d64                __gedf2
                0x00002d64                __gtdf2
 .text          0x00002e2c       0xc4 c:/program files (x86)/atmel/studio/7.0/toolchain/arm/arm-gnu-toolchain/bin/../lib/gcc/arm-none-eabi/6.3.1/thumb/v6-m\libgcc.a(ledf2.o)
                0x00002e2c                __ledf2
                0x00002e2c                __ltdf2
 .text          0x00002ef0      0x62c c:/program files (x86)/atmel/studio/7.0/toolchain/arm/arm-gnu-toolchain/bin/../lib/gcc/arm-none-eabi/6.3.1/thumb/v6-m\libgcc.a(subdf3.o)
                0x00002ef0                __aeabi_dsub
 .text          0x0000351c       0x68 c:/program files (x86)/atmel/studio/7.0/toolchain/arm/arm-gnu-toolchain/bin/../lib/gcc/arm-none-eabi/6.3.1/thumb/v6-m\libgcc.a(fixdfsi.o)
                0x0000351c                __aeabi_d2iz
 .text          0x00003584       0x84 c:/program files (x86)/atmel/studio/7.0/toolchain/arm/arm-gnu-toolchain/bin/../lib/gcc/arm-none-eabi/6.3.1/thumb/v6-m\libgcc.a(floatsidf.o)
                0x00003584                __aeabi_i2d
 .text          0x00003608       0x70 c:/program files (x86)/atmel/studio/7.0/toolchain/arm/arm-gnu-toolchain/bin/../lib/gcc/arm-none-eabi/6.3.1/thumb/v6-m\libgcc.a(floatunsidf.o)
                0x00003608                __aeabi_ui2d
 .text          0x00003678       0x3c c:/program files (x86)/atmel/studio/7.0/toolchain/arm/arm-gnu-toolchain/bin/../lib/gcc/arm-none-eabi/6.3.1/thumb/v6-m\libgcc.a(_clzsi2.o)
                0x00003678                __clzsi2
 .text.__libc_init_array
                0x000036b4       0x48 c:/program files (x86)/atmel/studio/7.0/toolchain/arm/arm-gnu-toolchain/bin/../lib/gcc/arm-none-eabi/6.3.1/../../../../arm-none-eabi/lib/thumb/v6-m\libc_nano.a(lib_a-init.o)
                0x000036b4                __libc_init_array
 *(.glue_7t)
 .glue_7t       0x000036fc        0x0 linker stubs
 *(.glue_7)
 .glue_7        0x000036fc        0x0 linker stubs
 *(.rodata .rodata* .gnu.linkonce.r.*)
 .rodata.str1.4
                0x000036fc       0x1a hal/src/hal_adc_sync.o
 *fill*         0x00003716        0x2 
 .rodata.str1.4
                0x00003718       0x1a hal/src/hal_dac_sync.o
 *fill*         0x00003732        0x2 
 .rodata.str1.4
                0x00003734       0x14 hal/src/hal_io.o
 .rodata.str1.4
                0x00003748       0x1c hal/src/hal_spi_s_sync.o
 .rodata        0x00003764       0x38 hpl/adc/hpl_adc.o
 .rodata.str1.4
                0x0000379c       0x15 hpl/adc/hpl_adc.o
 *fill*         0x000037b1        0x3 
 .rodata.str1.4
                0x000037b4       0x15 hpl/dac/hpl_dac.o
 *fill*         0x000037c9        0x3 
 .rodata.str1.4
                0x000037cc       0x1c hpl/sercom/hpl_sercom.o
                                 0x1b (size before relaxing)
 .rodata        0x000037e8       0x40 c:/program files (x86)/atmel/studio/7.0/toolchain/arm/arm-gnu-toolchain/bin/../lib/gcc/arm-none-eabi/6.3.1/thumb/v6-m\libgcc.a(divdf3.o)
 *(.ARM.extab* .gnu.linkonce.armextab.*)
                0x00003828                . = ALIGN (0x4)
 *(.init)
 .init          0x00003828        0x4 c:/program files (x86)/atmel/studio/7.0/toolchain/arm/arm-gnu-toolchain/bin/../lib/gcc/arm-none-eabi/6.3.1/thumb/v6-m/crti.o
                0x00003828                _init
 .init          0x0000382c        0x8 c:/program files (x86)/atmel/studio/7.0/toolchain/arm/arm-gnu-toolchain/bin/../lib/gcc/arm-none-eabi/6.3.1/thumb/v6-m/crtn.o
                0x00003834                . = ALIGN (0x4)
                0x00003834                __preinit_array_start = .
 *(.preinit_array)
                0x00003834                __preinit_array_end = .
                0x00003834                . = ALIGN (0x4)
                0x00003834                __init_array_start = .
 *(SORT(.init_array.*))
 *(.init_array)
 .init_array    0x00003834        0x4 c:/program files (x86)/atmel/studio/7.0/toolchain/arm/arm-gnu-toolchain/bin/../lib/gcc/arm-none-eabi/6.3.1/thumb/v6-m/crtbegin.o
                0x00003838                __init_array_end = .
                0x00003838                . = ALIGN (0x4)
 *crtbegin.o(.ctors)
 *(EXCLUDE_FILE(*crtend.o) .ctors)
 *(SORT(.ctors.*))
 *crtend.o(.ctors)
                0x00003838                . = ALIGN (0x4)
 *(.fini)
 .fini          0x00003838        0x4 c:/program files (x86)/atmel/studio/7.0/toolchain/arm/arm-gnu-toolchain/bin/../lib/gcc/arm-none-eabi/6.3.1/thumb/v6-m/crti.o
                0x00003838                _fini
 .fini          0x0000383c        0x8 c:/program files (x86)/atmel/studio/7.0/toolchain/arm/arm-gnu-toolchain/bin/../lib/gcc/arm-none-eabi/6.3.1/thumb/v6-m/crtn.o
                0x00003844                . = ALIGN (0x4)
                0x00003844                __fini_array_start = .
 *(.fini_array)
 .fini_array    0x00003844        0x4 c:/program files (x86)/atmel/studio/7.0/toolchain/arm/arm-gnu-toolchain/bin/../lib/gcc/arm-none-eabi/6.3.1/thumb/v6-m/crtbegin.o
 *(SORT(.fini_array.*))
                0x00003848                __fini_array_end = .
 *crtbegin.o(.dtors)
 *(EXCLUDE_FILE(*crtend.o) .dtors)
 *(SORT(.dtors.*))
 *crtend.o(.dtors)
                0x00003848                . = ALIGN (0x4)
                0x00003848                _efixed = .
                [!provide]                PROVIDE (__exidx_start, .)

.vfp11_veneer   0x00003848        0x0
 .vfp11_veneer  0x00003848        0x0 linker stubs

.v4_bx          0x00003848        0x0
 .v4_bx         0x00003848        0x0 linker stubs

.iplt           0x00003848        0x0
 .iplt          0x00003848        0x0 c:/program files (x86)/atmel/studio/7.0/toolchain/arm/arm-gnu-toolchain/bin/../lib/gcc/arm-none-eabi/6.3.1/thumb/v6-m/crtbegin.o

.eh_frame       0x00003848        0x0
 .eh_frame      0x00003848        0x0 c:/program files (x86)/atmel/studio/7.0/toolchain/arm/arm-gnu-toolchain/bin/../lib/gcc/arm-none-eabi/6.3.1/thumb/v6-m/crtbegin.o

.rel.dyn        0x00003848        0x0
 .rel.iplt      0x00003848        0x0 c:/program files (x86)/atmel/studio/7.0/toolchain/arm/arm-gnu-toolchain/bin/../lib/gcc/arm-none-eabi/6.3.1/thumb/v6-m/crtbegin.o

.jcr            0x00003848        0x0
 .jcr           0x00003848        0x0 c:/program files (x86)/atmel/studio/7.0/toolchain/arm/arm-gnu-toolchain/bin/../lib/gcc/arm-none-eabi/6.3.1/thumb/v6-m/crtbegin.o

.igot.plt       0x00003848        0x0
 .igot.plt      0x00003848        0x0 c:/program files (x86)/atmel/studio/7.0/toolchain/arm/arm-gnu-toolchain/bin/../lib/gcc/arm-none-eabi/6.3.1/thumb/v6-m/crtbegin.o

.ARM.exidx
 *(.ARM.exidx* .gnu.linkonce.armexidx.*)
                [!provide]                PROVIDE (__exidx_end, .)
                0x00003848                . = ALIGN (0x4)
                0x00003848                _etext = .

.relocate       0x20000000        0x8 load address 0x00003848
                0x20000000                . = ALIGN (0x4)
                0x20000000                _srelocate = .
 *(.ramfunc .ramfunc.*)
 *(.data .data.*)
 .data          0x20000000        0x8 driver_init.o
                0x20000000                ADC_1
                0x20000008                . = ALIGN (0x4)
                0x20000008                _erelocate = .

.lpram          0x30000000        0x0
                0x30000000                . = ALIGN (0x8)
                0x30000000                _slpram = .
 *(.lpram .lpram.*)
                0x30000000                . = ALIGN (0x8)
                0x30000000                _elpram = .

.bss            0x20000008       0x58 load address 0x00003850
                0x20000008                . = ALIGN (0x4)
                0x20000008                _sbss = .
                0x20000008                _szero = .
 *(.bss .bss.*)
 .bss           0x20000008       0x1c c:/program files (x86)/atmel/studio/7.0/toolchain/arm/arm-gnu-toolchain/bin/../lib/gcc/arm-none-eabi/6.3.1/thumb/v6-m/crtbegin.o
 .bss           0x20000024        0x8 driver_init.o
                0x20000024                ADC_0
 .bss           0x2000002c        0x4 hal/src/hal_delay.o
 *(COMMON)
 COMMON         0x20000030       0x2c driver_init.o
                0x20000030                DAC_0
                0x20000044                SPI_0
 COMMON         0x2000005c        0x1 main.o
                0x2000005c                sensor_run
                0x20000060                . = ALIGN (0x4)
 *fill*         0x2000005d        0x3 
                0x20000060                _ebss = .
                0x20000060                _ezero = .

.stack          0x20000060     0x1000 load address 0x000038a8
                0x20000060                . = ALIGN (0x8)
                0x20000060                _sstack = .
                0x20001060                . = (. + STACK_SIZE)
 *fill*         0x20000060     0x1000 
                0x20001060                . = ALIGN (0x8)
                0x20001060                _estack = .
                0x20001060                . = ALIGN (0x4)
                0x20001060                _end = .
OUTPUT(ENEL500_SAML21E_Prototype.elf elf32-littlearm)

.ARM.attributes
                0x00000000       0x28
 .ARM.attributes
                0x00000000       0x1e c:/program files (x86)/atmel/studio/7.0/toolchain/arm/arm-gnu-toolchain/bin/../lib/gcc/arm-none-eabi/6.3.1/thumb/v6-m/crti.o
 .ARM.attributes
                0x0000001e       0x2c c:/program files (x86)/atmel/studio/7.0/toolchain/arm/arm-gnu-toolchain/bin/../lib/gcc/arm-none-eabi/6.3.1/thumb/v6-m/crtbegin.o
 .ARM.attributes
                0x0000004a       0x32 atmel_start.o
 .ARM.attributes
                0x0000007c       0x32 Device_Startup/startup_saml21.o
 .ARM.attributes
                0x000000ae       0x32 driver_init.o
 .ARM.attributes
                0x000000e0       0x32 hal/src/hal_adc_sync.o
 .ARM.attributes
                0x00000112       0x32 hal/src/hal_dac_sync.o
 .ARM.attributes
                0x00000144       0x32 hal/src/hal_delay.o
 .ARM.attributes
                0x00000176       0x32 hal/src/hal_io.o
 .ARM.attributes
                0x000001a8       0x32 hal/src/hal_spi_s_sync.o
 .ARM.attributes
                0x000001da       0x32 hal/utils/src/utils_assert.o
 .ARM.attributes
                0x0000020c       0x32 hpl/adc/hpl_adc.o
 .ARM.attributes
                0x0000023e       0x32 hpl/core/hpl_core_m0plus_base.o
 .ARM.attributes
                0x00000270       0x32 hpl/core/hpl_init.o
 .ARM.attributes
                0x000002a2       0x32 hpl/dac/hpl_dac.o
 .ARM.attributes
                0x000002d4       0x32 hpl/gclk/hpl_gclk.o
 .ARM.attributes
                0x00000306       0x32 hpl/mclk/hpl_mclk.o
 .ARM.attributes
                0x00000338       0x32 hpl/osc32kctrl/hpl_osc32kctrl.o
 .ARM.attributes
                0x0000036a       0x32 hpl/oscctrl/hpl_oscctrl.o
 .ARM.attributes
                0x0000039c       0x32 hpl/pm/hpl_pm.o
 .ARM.attributes
                0x000003ce       0x32 hpl/sercom/hpl_sercom.o
 .ARM.attributes
                0x00000400       0x32 main.o
 .ARM.attributes
                0x00000432       0x1e c:/program files (x86)/atmel/studio/7.0/toolchain/arm/arm-gnu-toolchain/bin/../lib/gcc/arm-none-eabi/6.3.1/thumb/v6-m\libgcc.a(_udivsi3.o)
 .ARM.attributes
                0x00000450       0x1e c:/program files (x86)/atmel/studio/7.0/toolchain/arm/arm-gnu-toolchain/bin/../lib/gcc/arm-none-eabi/6.3.1/thumb/v6-m\libgcc.a(_divsi3.o)
 .ARM.attributes
                0x0000046e       0x1e c:/program files (x86)/atmel/studio/7.0/toolchain/arm/arm-gnu-toolchain/bin/../lib/gcc/arm-none-eabi/6.3.1/thumb/v6-m\libgcc.a(_dvmd_tls.o)
 .ARM.attributes
                0x0000048c       0x1e c:/program files (x86)/atmel/studio/7.0/toolchain/arm/arm-gnu-toolchain/bin/../lib/gcc/arm-none-eabi/6.3.1/thumb/v6-m\libgcc.a(_arm_cmpdf2.o)
 .ARM.attributes
                0x000004aa       0x2c c:/program files (x86)/atmel/studio/7.0/toolchain/arm/arm-gnu-toolchain/bin/../lib/gcc/arm-none-eabi/6.3.1/thumb/v6-m\libgcc.a(_fixunsdfsi.o)
 .ARM.attributes
                0x000004d6       0x2c c:/program files (x86)/atmel/studio/7.0/toolchain/arm/arm-gnu-toolchain/bin/../lib/gcc/arm-none-eabi/6.3.1/thumb/v6-m\libgcc.a(adddf3.o)
 .ARM.attributes
                0x00000502       0x2c c:/program files (x86)/atmel/studio/7.0/toolchain/arm/arm-gnu-toolchain/bin/../lib/gcc/arm-none-eabi/6.3.1/thumb/v6-m\libgcc.a(divdf3.o)
 .ARM.attributes
                0x0000052e       0x2c c:/program files (x86)/atmel/studio/7.0/toolchain/arm/arm-gnu-toolchain/bin/../lib/gcc/arm-none-eabi/6.3.1/thumb/v6-m\libgcc.a(eqdf2.o)
 .ARM.attributes
                0x0000055a       0x2c c:/program files (x86)/atmel/studio/7.0/toolchain/arm/arm-gnu-toolchain/bin/../lib/gcc/arm-none-eabi/6.3.1/thumb/v6-m\libgcc.a(gedf2.o)
 .ARM.attributes
                0x00000586       0x2c c:/program files (x86)/atmel/studio/7.0/toolchain/arm/arm-gnu-toolchain/bin/../lib/gcc/arm-none-eabi/6.3.1/thumb/v6-m\libgcc.a(ledf2.o)
 .ARM.attributes
                0x000005b2       0x2c c:/program files (x86)/atmel/studio/7.0/toolchain/arm/arm-gnu-toolchain/bin/../lib/gcc/arm-none-eabi/6.3.1/thumb/v6-m\libgcc.a(subdf3.o)
 .ARM.attributes
                0x000005de       0x2c c:/program files (x86)/atmel/studio/7.0/toolchain/arm/arm-gnu-toolchain/bin/../lib/gcc/arm-none-eabi/6.3.1/thumb/v6-m\libgcc.a(fixdfsi.o)
 .ARM.attributes
                0x0000060a       0x2c c:/program files (x86)/atmel/studio/7.0/toolchain/arm/arm-gnu-toolchain/bin/../lib/gcc/arm-none-eabi/6.3.1/thumb/v6-m\libgcc.a(floatsidf.o)
 .ARM.attributes
                0x00000636       0x2c c:/program files (x86)/atmel/studio/7.0/toolchain/arm/arm-gnu-toolchain/bin/../lib/gcc/arm-none-eabi/6.3.1/thumb/v6-m\libgcc.a(floatunsidf.o)
 .ARM.attributes
                0x00000662       0x1e c:/program files (x86)/atmel/studio/7.0/toolchain/arm/arm-gnu-toolchain/bin/../lib/gcc/arm-none-eabi/6.3.1/thumb/v6-m\libgcc.a(_clzsi2.o)
 .ARM.attributes
                0x00000680       0x2c c:/program files (x86)/atmel/studio/7.0/toolchain/arm/arm-gnu-toolchain/bin/../lib/gcc/arm-none-eabi/6.3.1/../../../../arm-none-eabi/lib/thumb/v6-m\libc_nano.a(lib_a-init.o)
 .ARM.attributes
                0x000006ac       0x1e c:/program files (x86)/atmel/studio/7.0/toolchain/arm/arm-gnu-toolchain/bin/../lib/gcc/arm-none-eabi/6.3.1/thumb/v6-m/crtn.o

.comment        0x00000000       0x59
 .comment       0x00000000       0x59 atmel_start.o
                                 0x5a (size before relaxing)
 .comment       0x00000059       0x5a Device_Startup/startup_saml21.o
 .comment       0x00000059       0x5a driver_init.o
 .comment       0x00000059       0x5a hal/src/hal_adc_sync.o
 .comment       0x00000059       0x5a hal/src/hal_dac_sync.o
 .comment       0x00000059       0x5a hal/src/hal_delay.o
 .comment       0x00000059       0x5a hal/src/hal_io.o
 .comment       0x00000059       0x5a hal/src/hal_spi_s_sync.o
 .comment       0x00000059       0x5a hal/utils/src/utils_assert.o
 .comment       0x00000059       0x5a hpl/adc/hpl_adc.o
 .comment       0x00000059       0x5a hpl/core/hpl_core_m0plus_base.o
 .comment       0x00000059       0x5a hpl/core/hpl_init.o
 .comment       0x00000059       0x5a hpl/dac/hpl_dac.o
 .comment       0x00000059       0x5a hpl/gclk/hpl_gclk.o
 .comment       0x00000059       0x5a hpl/mclk/hpl_mclk.o
 .comment       0x00000059       0x5a hpl/osc32kctrl/hpl_osc32kctrl.o
 .comment       0x00000059       0x5a hpl/oscctrl/hpl_oscctrl.o
 .comment       0x00000059       0x5a hpl/pm/hpl_pm.o
 .comment       0x00000059       0x5a hpl/sercom/hpl_sercom.o
 .comment       0x00000059       0x5a main.o

.debug_info     0x00000000    0x1fa91
 .debug_info    0x00000000      0x344 atmel_start.o
 .debug_info    0x00000344      0xa27 Device_Startup/startup_saml21.o
 .debug_info    0x00000d6b     0x5820 driver_init.o
 .debug_info    0x0000658b      0xb36 hal/src/hal_adc_sync.o
 .debug_info    0x000070c1      0x461 hal/src/hal_dac_sync.o
 .debug_info    0x00007522      0x1dc hal/src/hal_delay.o
 .debug_info    0x000076fe      0x2b2 hal/src/hal_io.o
 .debug_info    0x000079b0      0xadd hal/src/hal_spi_s_sync.o
 .debug_info    0x0000848d      0x107 hal/utils/src/utils_assert.o
 .debug_info    0x00008594     0x3b83 hpl/adc/hpl_adc.o
 .debug_info    0x0000c117      0x84c hpl/core/hpl_core_m0plus_base.o
 .debug_info    0x0000c963      0x6d4 hpl/core/hpl_init.o
 .debug_info    0x0000d037     0x1f45 hpl/dac/hpl_dac.o
 .debug_info    0x0000ef7c      0x582 hpl/gclk/hpl_gclk.o
 .debug_info    0x0000f4fe      0xa0e hpl/mclk/hpl_mclk.o
 .debug_info    0x0000ff0c      0x5c5 hpl/osc32kctrl/hpl_osc32kctrl.o
 .debug_info    0x000104d1      0xe4d hpl/oscctrl/hpl_oscctrl.o
 .debug_info    0x0001131e      0xabc hpl/pm/hpl_pm.o
 .debug_info    0x00011dda     0xb180 hpl/sercom/hpl_sercom.o
 .debug_info    0x0001cf5a     0x2b37 main.o

.debug_abbrev   0x00000000     0x2cf3
 .debug_abbrev  0x00000000       0xf5 atmel_start.o
 .debug_abbrev  0x000000f5      0x1e4 Device_Startup/startup_saml21.o
 .debug_abbrev  0x000002d9      0x350 driver_init.o
 .debug_abbrev  0x00000629      0x156 hal/src/hal_adc_sync.o
 .debug_abbrev  0x0000077f      0x13c hal/src/hal_dac_sync.o
 .debug_abbrev  0x000008bb       0xe1 hal/src/hal_delay.o
 .debug_abbrev  0x0000099c      0x115 hal/src/hal_io.o
 .debug_abbrev  0x00000ab1      0x1ec hal/src/hal_spi_s_sync.o
 .debug_abbrev  0x00000c9d       0x86 hal/utils/src/utils_assert.o
 .debug_abbrev  0x00000d23      0x468 hpl/adc/hpl_adc.o
 .debug_abbrev  0x0000118b      0x2bb hpl/core/hpl_core_m0plus_base.o
 .debug_abbrev  0x00001446      0x1d9 hpl/core/hpl_init.o
 .debug_abbrev  0x0000161f      0x40a hpl/dac/hpl_dac.o
 .debug_abbrev  0x00001a29      0x19a hpl/gclk/hpl_gclk.o
 .debug_abbrev  0x00001bc3      0x1b7 hpl/mclk/hpl_mclk.o
 .debug_abbrev  0x00001d7a      0x170 hpl/osc32kctrl/hpl_osc32kctrl.o
 .debug_abbrev  0x00001eea      0x221 hpl/oscctrl/hpl_oscctrl.o
 .debug_abbrev  0x0000210b      0x24c hpl/pm/hpl_pm.o
 .debug_abbrev  0x00002357      0x5a0 hpl/sercom/hpl_sercom.o
 .debug_abbrev  0x000028f7      0x3fc main.o

.debug_loc      0x00000000     0xea7d
 .debug_loc     0x00000000       0x20 atmel_start.o
 .debug_loc     0x00000020       0x40 Device_Startup/startup_saml21.o
 .debug_loc     0x00000060     0x13ac driver_init.o
 .debug_loc     0x0000140c      0x8c0 hal/src/hal_adc_sync.o
 .debug_loc     0x00001ccc      0x3ac hal/src/hal_dac_sync.o
 .debug_loc     0x00002078       0xc3 hal/src/hal_delay.o
 .debug_loc     0x0000213b      0x18a hal/src/hal_io.o
 .debug_loc     0x000022c5      0x8bf hal/src/hal_spi_s_sync.o
 .debug_loc     0x00002b84     0x1d0e hpl/adc/hpl_adc.o
 .debug_loc     0x00004892      0x1f7 hpl/core/hpl_core_m0plus_base.o
 .debug_loc     0x00004a89       0x4c hpl/core/hpl_init.o
 .debug_loc     0x00004ad5      0xe70 hpl/dac/hpl_dac.o
 .debug_loc     0x00005945       0x72 hpl/gclk/hpl_gclk.o
 .debug_loc     0x000059b7       0x84 hpl/mclk/hpl_mclk.o
 .debug_loc     0x00005a3b       0x59 hpl/osc32kctrl/hpl_osc32kctrl.o
 .debug_loc     0x00005a94       0x18 hpl/oscctrl/hpl_oscctrl.o
 .debug_loc     0x00005aac      0x188 hpl/pm/hpl_pm.o
 .debug_loc     0x00005c34     0x7d15 hpl/sercom/hpl_sercom.o
 .debug_loc     0x0000d949     0x1134 main.o

.debug_aranges  0x00000000      0xb70
 .debug_aranges
                0x00000000       0x20 atmel_start.o
 .debug_aranges
                0x00000020       0x28 Device_Startup/startup_saml21.o
 .debug_aranges
                0x00000048       0x68 driver_init.o
 .debug_aranges
                0x000000b0       0x98 hal/src/hal_adc_sync.o
 .debug_aranges
                0x00000148       0x48 hal/src/hal_dac_sync.o
 .debug_aranges
                0x00000190       0x38 hal/src/hal_delay.o
 .debug_aranges
                0x000001c8       0x30 hal/src/hal_io.o
 .debug_aranges
                0x000001f8       0x90 hal/src/hal_spi_s_sync.o
 .debug_aranges
                0x00000288       0x20 hal/utils/src/utils_assert.o
 .debug_aranges
                0x000002a8      0x1e0 hpl/adc/hpl_adc.o
 .debug_aranges
                0x00000488       0x80 hpl/core/hpl_core_m0plus_base.o
 .debug_aranges
                0x00000508       0x20 hpl/core/hpl_init.o
 .debug_aranges
                0x00000528       0x88 hpl/dac/hpl_dac.o
 .debug_aranges
                0x000005b0       0x28 hpl/gclk/hpl_gclk.o
 .debug_aranges
                0x000005d8       0x20 hpl/mclk/hpl_mclk.o
 .debug_aranges
                0x000005f8       0x20 hpl/osc32kctrl/hpl_osc32kctrl.o
 .debug_aranges
                0x00000618       0x28 hpl/oscctrl/hpl_oscctrl.o
 .debug_aranges
                0x00000640       0x30 hpl/pm/hpl_pm.o
 .debug_aranges
                0x00000670      0x4d0 hpl/sercom/hpl_sercom.o
 .debug_aranges
                0x00000b40       0x30 main.o

.debug_ranges   0x00000000     0x1078
 .debug_ranges  0x00000000       0x10 atmel_start.o
 .debug_ranges  0x00000010       0x18 Device_Startup/startup_saml21.o
 .debug_ranges  0x00000028       0x58 driver_init.o
 .debug_ranges  0x00000080       0xa0 hal/src/hal_adc_sync.o
 .debug_ranges  0x00000120       0x38 hal/src/hal_dac_sync.o
 .debug_ranges  0x00000158       0x28 hal/src/hal_delay.o
 .debug_ranges  0x00000180       0x20 hal/src/hal_io.o
 .debug_ranges  0x000001a0       0x80 hal/src/hal_spi_s_sync.o
 .debug_ranges  0x00000220       0x10 hal/utils/src/utils_assert.o
 .debug_ranges  0x00000230      0x1e8 hpl/adc/hpl_adc.o
 .debug_ranges  0x00000418       0x70 hpl/core/hpl_core_m0plus_base.o
 .debug_ranges  0x00000488       0x10 hpl/core/hpl_init.o
 .debug_ranges  0x00000498      0x168 hpl/dac/hpl_dac.o
 .debug_ranges  0x00000600       0x18 hpl/gclk/hpl_gclk.o
 .debug_ranges  0x00000618       0x10 hpl/mclk/hpl_mclk.o
 .debug_ranges  0x00000628       0x10 hpl/osc32kctrl/hpl_osc32kctrl.o
 .debug_ranges  0x00000638       0x30 hpl/oscctrl/hpl_oscctrl.o
 .debug_ranges  0x00000668       0x20 hpl/pm/hpl_pm.o
 .debug_ranges  0x00000688      0x970 hpl/sercom/hpl_sercom.o
 .debug_ranges  0x00000ff8       0x80 main.o

.debug_macro    0x00000000    0x1ae91
 .debug_macro   0x00000000      0x5e1 atmel_start.o
 .debug_macro   0x000005e1      0x89e atmel_start.o
 .debug_macro   0x00000e7f      0x16d atmel_start.o
 .debug_macro   0x00000fec       0x22 atmel_start.o
 .debug_macro   0x0000100e       0x87 atmel_start.o
 .debug_macro   0x00001095       0x51 atmel_start.o
 .debug_macro   0x000010e6       0xef atmel_start.o
 .debug_macro   0x000011d5       0x6a atmel_start.o
 .debug_macro   0x0000123f      0x1df atmel_start.o
 .debug_macro   0x0000141e       0x22 atmel_start.o
 .debug_macro   0x00001440       0x3f atmel_start.o
 .debug_macro   0x0000147f       0x28 atmel_start.o
 .debug_macro   0x000014a7       0x85 atmel_start.o
 .debug_macro   0x0000152c      0x375 atmel_start.o
 .debug_macro   0x000018a1      0x714 atmel_start.o
 .debug_macro   0x00001fb5      0x8f0 atmel_start.o
 .debug_macro   0x000028a5      0x279 atmel_start.o
 .debug_macro   0x00002b1e      0x21e atmel_start.o
 .debug_macro   0x00002d3c      0x4c3 atmel_start.o
 .debug_macro   0x000031ff      0xe12 atmel_start.o
 .debug_macro   0x00004011      0x5e7 atmel_start.o
 .debug_macro   0x000045f8      0x5be atmel_start.o
 .debug_macro   0x00004bb6      0x824 atmel_start.o
 .debug_macro   0x000053da      0x314 atmel_start.o
 .debug_macro   0x000056ee      0x5c6 atmel_start.o
 .debug_macro   0x00005cb4      0x21c atmel_start.o
 .debug_macro   0x00005ed0      0x729 atmel_start.o
 .debug_macro   0x000065f9      0x16f atmel_start.o
 .debug_macro   0x00006768      0x70f atmel_start.o
 .debug_macro   0x00006e77      0x28c atmel_start.o
 .debug_macro   0x00007103      0x6e1 atmel_start.o
 .debug_macro   0x000077e4      0x2c5 atmel_start.o
 .debug_macro   0x00007aa9      0x3c1 atmel_start.o
 .debug_macro   0x00007e6a      0x1a0 atmel_start.o
 .debug_macro   0x0000800a     0x1260 atmel_start.o
 .debug_macro   0x0000926a      0xf4d atmel_start.o
 .debug_macro   0x0000a1b7      0x866 atmel_start.o
 .debug_macro   0x0000aa1d      0x8ae atmel_start.o
 .debug_macro   0x0000b2cb     0x19be atmel_start.o
 .debug_macro   0x0000cc89       0xe7 atmel_start.o
 .debug_macro   0x0000cd70     0x13e6 atmel_start.o
 .debug_macro   0x0000e156      0x36a atmel_start.o
 .debug_macro   0x0000e4c0       0x7c atmel_start.o
 .debug_macro   0x0000e53c       0xac atmel_start.o
 .debug_macro   0x0000e5e8       0xca atmel_start.o
 .debug_macro   0x0000e6b2       0x4c atmel_start.o
 .debug_macro   0x0000e6fe       0x94 atmel_start.o
 .debug_macro   0x0000e792       0xdc atmel_start.o
 .debug_macro   0x0000e86e       0xb2 atmel_start.o
 .debug_macro   0x0000e920       0x64 atmel_start.o
 .debug_macro   0x0000e984      0x5a4 atmel_start.o
 .debug_macro   0x0000ef28      0x19d atmel_start.o
 .debug_macro   0x0000f0c5       0x70 atmel_start.o
 .debug_macro   0x0000f135       0xa0 atmel_start.o
 .debug_macro   0x0000f1d5       0xc4 atmel_start.o
 .debug_macro   0x0000f299       0x28 atmel_start.o
 .debug_macro   0x0000f2c1       0xa0 atmel_start.o
 .debug_macro   0x0000f361       0x40 atmel_start.o
 .debug_macro   0x0000f3a1       0x7c atmel_start.o
 .debug_macro   0x0000f41d       0x40 atmel_start.o
 .debug_macro   0x0000f45d      0x16c atmel_start.o
 .debug_macro   0x0000f5c9       0x10 atmel_start.o
 .debug_macro   0x0000f5d9       0x34 atmel_start.o
 .debug_macro   0x0000f60d       0xee atmel_start.o
 .debug_macro   0x0000f6fb      0x12b atmel_start.o
 .debug_macro   0x0000f826      0x12b atmel_start.o
 .debug_macro   0x0000f951      0x12b atmel_start.o
 .debug_macro   0x0000fa7c      0x12b atmel_start.o
 .debug_macro   0x0000fba7      0x12b atmel_start.o
 .debug_macro   0x0000fcd2      0x12b atmel_start.o
 .debug_macro   0x0000fdfd       0x5e atmel_start.o
 .debug_macro   0x0000fe5b       0xfa atmel_start.o
 .debug_macro   0x0000ff55       0xfa atmel_start.o
 .debug_macro   0x0001004f       0xfa atmel_start.o
 .debug_macro   0x00010149      0x124 atmel_start.o
 .debug_macro   0x0001026d       0xfa atmel_start.o
 .debug_macro   0x00010367       0xee atmel_start.o
 .debug_macro   0x00010455       0x2e atmel_start.o
 .debug_macro   0x00010483      0x40f atmel_start.o
 .debug_macro   0x00010892       0x3a atmel_start.o
 .debug_macro   0x000108cc      0x410 atmel_start.o
 .debug_macro   0x00010cdc     0x134f atmel_start.o
 .debug_macro   0x0001202b       0x90 atmel_start.o
 .debug_macro   0x000120bb       0x10 atmel_start.o
 .debug_macro   0x000120cb       0x10 atmel_start.o
 .debug_macro   0x000120db       0x16 atmel_start.o
 .debug_macro   0x000120f1       0x16 atmel_start.o
 .debug_macro   0x00012107       0x16 atmel_start.o
 .debug_macro   0x0001211d       0x16 atmel_start.o
 .debug_macro   0x00012133       0x16 atmel_start.o
 .debug_macro   0x00012149       0x16 atmel_start.o
 .debug_macro   0x0001215f       0x16 atmel_start.o
 .debug_macro   0x00012175       0x16 atmel_start.o
 .debug_macro   0x0001218b       0x16 atmel_start.o
 .debug_macro   0x000121a1       0x16 atmel_start.o
 .debug_macro   0x000121b7       0x16 atmel_start.o
 .debug_macro   0x000121cd       0x16 atmel_start.o
 .debug_macro   0x000121e3       0x16 atmel_start.o
 .debug_macro   0x000121f9       0x16 atmel_start.o
 .debug_macro   0x0001220f       0x16 atmel_start.o
 .debug_macro   0x00012225       0x16 atmel_start.o
 .debug_macro   0x0001223b       0x16 atmel_start.o
 .debug_macro   0x00012251       0x16 atmel_start.o
 .debug_macro   0x00012267       0x16 atmel_start.o
 .debug_macro   0x0001227d      0x2e0 atmel_start.o
 .debug_macro   0x0001255d       0x94 atmel_start.o
 .debug_macro   0x000125f1       0x16 atmel_start.o
 .debug_macro   0x00012607       0xbe atmel_start.o
 .debug_macro   0x000126c5      0x28c atmel_start.o
 .debug_macro   0x00012951       0x16 atmel_start.o
 .debug_macro   0x00012967      0x4d8 atmel_start.o
 .debug_macro   0x00012e3f       0x16 atmel_start.o
 .debug_macro   0x00012e55       0xca atmel_start.o
 .debug_macro   0x00012f1f       0x1c atmel_start.o
 .debug_macro   0x00012f3b       0x16 atmel_start.o
 .debug_macro   0x00012f51       0x74 atmel_start.o
 .debug_macro   0x00012fc5       0x7c atmel_start.o
 .debug_macro   0x00013041       0xc9 atmel_start.o
 .debug_macro   0x0001310a       0x10 atmel_start.o
 .debug_macro   0x0001311a      0x351 Device_Startup/startup_saml21.o
 .debug_macro   0x0001346b       0x39 Device_Startup/startup_saml21.o
 .debug_macro   0x000134a4      0x5fa driver_init.o
 .debug_macro   0x00013a9e       0x42 driver_init.o
 .debug_macro   0x00013ae0      0x4e9 hal/src/hal_adc_sync.o
 .debug_macro   0x00013fc9      0x4e2 hal/src/hal_dac_sync.o
 .debug_macro   0x000144ab      0x4e7 hal/src/hal_delay.o
 .debug_macro   0x00014992      0x4c8 hal/src/hal_io.o
 .debug_macro   0x00014e5a      0x50a hal/src/hal_spi_s_sync.o
 .debug_macro   0x00015364      0x4be hal/utils/src/utils_assert.o
 .debug_macro   0x00015822       0x10 hal/utils/src/utils_assert.o
 .debug_macro   0x00015832      0x51b hpl/adc/hpl_adc.o
 .debug_macro   0x00015d4d      0x6cc hpl/adc/hpl_adc.o
 .debug_macro   0x00016419      0x6ba hpl/adc/hpl_adc.o
 .debug_macro   0x00016ad3       0xe1 hpl/adc/hpl_adc.o
 .debug_macro   0x00016bb4       0xe2 hpl/adc/hpl_adc.o
 .debug_macro   0x00016c96      0x50e hpl/core/hpl_core_m0plus_base.o
 .debug_macro   0x000171a4      0x532 hpl/core/hpl_init.o
 .debug_macro   0x000176d6       0x28 hpl/core/hpl_init.o
 .debug_macro   0x000176fe      0x772 hpl/core/hpl_init.o
 .debug_macro   0x00017e70      0x4e5 hpl/dac/hpl_dac.o
 .debug_macro   0x00018355       0x87 hpl/dac/hpl_dac.o
 .debug_macro   0x000183dc      0x4cb hpl/gclk/hpl_gclk.o
 .debug_macro   0x000188a7      0x1f4 hpl/gclk/hpl_gclk.o
 .debug_macro   0x00018a9b      0x4c7 hpl/mclk/hpl_mclk.o
 .debug_macro   0x00018f62      0x4c2 hpl/osc32kctrl/hpl_osc32kctrl.o
 .debug_macro   0x00019424       0xa4 hpl/osc32kctrl/hpl_osc32kctrl.o
 .debug_macro   0x000194c8      0x4c2 hpl/oscctrl/hpl_oscctrl.o
 .debug_macro   0x0001998a      0x18c hpl/oscctrl/hpl_oscctrl.o
 .debug_macro   0x00019b16      0x4cd hpl/pm/hpl_pm.o
 .debug_macro   0x00019fe3      0x700 hpl/sercom/hpl_sercom.o
 .debug_macro   0x0001a6e3       0x70 hpl/sercom/hpl_sercom.o
 .debug_macro   0x0001a753       0x95 hpl/sercom/hpl_sercom.o
 .debug_macro   0x0001a7e8       0x1c hpl/sercom/hpl_sercom.o
 .debug_macro   0x0001a804       0x22 hpl/sercom/hpl_sercom.o
 .debug_macro   0x0001a826       0x10 hpl/sercom/hpl_sercom.o
 .debug_macro   0x0001a836      0x65b main.o

.debug_line     0x00000000    0x102e1
 .debug_line    0x00000000      0xbac atmel_start.o
 .debug_line    0x00000bac      0x740 Device_Startup/startup_saml21.o
 .debug_line    0x000012ec      0xdd1 driver_init.o
 .debug_line    0x000020bd      0xbb6 hal/src/hal_adc_sync.o
 .debug_line    0x00002c73      0xaf0 hal/src/hal_dac_sync.o
 .debug_line    0x00003763      0xa5d hal/src/hal_delay.o
 .debug_line    0x000041c0      0xa46 hal/src/hal_io.o
 .debug_line    0x00004c06      0xbf1 hal/src/hal_spi_s_sync.o
 .debug_line    0x000057f7      0x9fc hal/utils/src/utils_assert.o
 .debug_line    0x000061f3     0x1336 hpl/adc/hpl_adc.o
 .debug_line    0x00007529      0xbc9 hpl/core/hpl_core_m0plus_base.o
 .debug_line    0x000080f2      0xadc hpl/core/hpl_init.o
 .debug_line    0x00008bce      0xd2e hpl/dac/hpl_dac.o
 .debug_line    0x000098fc      0xa4e hpl/gclk/hpl_gclk.o
 .debug_line    0x0000a34a      0xa2c hpl/mclk/hpl_mclk.o
 .debug_line    0x0000ad76      0xa2d hpl/osc32kctrl/hpl_osc32kctrl.o
 .debug_line    0x0000b7a3      0xa67 hpl/oscctrl/hpl_oscctrl.o
 .debug_line    0x0000c20a      0xa6b hpl/pm/hpl_pm.o
 .debug_line    0x0000cc75     0x284b hpl/sercom/hpl_sercom.o
 .debug_line    0x0000f4c0      0xe21 main.o

.debug_str      0x00000000    0x8e484
 .debug_str     0x00000000    0x7cbcb atmel_start.o
                              0x7d112 (size before relaxing)
 .debug_str     0x0007cbcb      0x520 Device_Startup/startup_saml21.o
                              0x7487d (size before relaxing)
 .debug_str     0x0007d0eb     0x12c5 driver_init.o
                              0x7e4d3 (size before relaxing)
 .debug_str     0x0007e3b0      0x3e1 hal/src/hal_adc_sync.o
                              0x7c811 (size before relaxing)
 .debug_str     0x0007e791       0xc2 hal/src/hal_dac_sync.o
                              0x7c3fb (size before relaxing)
 .debug_str     0x0007e853       0x9b hal/src/hal_delay.o
                              0x7c27d (size before relaxing)
 .debug_str     0x0007e8ee       0x2c hal/src/hal_io.o
                              0x7c2c0 (size before relaxing)
 .debug_str     0x0007e91a      0x39d hal/src/hal_spi_s_sync.o
                              0x7cc50 (size before relaxing)
 .debug_str     0x0007ecb7       0x2f hal/utils/src/utils_assert.o
                              0x7c223 (size before relaxing)
 .debug_str     0x0007ece6     0x7269 hpl/adc/hpl_adc.o
                              0x83978 (size before relaxing)
 .debug_str     0x00085f4f      0x143 hpl/core/hpl_core_m0plus_base.o
                              0x7cca5 (size before relaxing)
 .debug_str     0x00086092     0x19b7 hpl/core/hpl_init.o
                              0x7e3ef (size before relaxing)
 .debug_str     0x00087a49      0x686 hpl/dac/hpl_dac.o
                              0x7ce1f (size before relaxing)
 .debug_str     0x000880cf      0x81b hpl/gclk/hpl_gclk.o
                              0x7cb58 (size before relaxing)
 .debug_str     0x000888ea       0xa5 hpl/mclk/hpl_mclk.o
                              0x7c778 (size before relaxing)
 .debug_str     0x0008898f      0x44e hpl/osc32kctrl/hpl_osc32kctrl.o
                              0x7c64f (size before relaxing)
 .debug_str     0x00088ddd      0x8de hpl/oscctrl/hpl_oscctrl.o
                              0x7cb5d (size before relaxing)
 .debug_str     0x000896bb      0x367 hpl/pm/hpl_pm.o
                              0x7c5db (size before relaxing)
 .debug_str     0x00089a22     0x472e hpl/sercom/hpl_sercom.o
                              0x81b64 (size before relaxing)
 .debug_str     0x0008e150      0x334 main.o
                              0x7e29c (size before relaxing)

.debug_frame    0x00000000     0x1ee0
 .debug_frame   0x00000000       0x28 atmel_start.o
 .debug_frame   0x00000028       0x38 Device_Startup/startup_saml21.o
 .debug_frame   0x00000060      0x10c driver_init.o
 .debug_frame   0x0000016c      0x1d4 hal/src/hal_adc_sync.o
 .debug_frame   0x00000340       0xb4 hal/src/hal_dac_sync.o
 .debug_frame   0x000003f4       0x68 hal/src/hal_delay.o
 .debug_frame   0x0000045c       0x58 hal/src/hal_io.o
 .debug_frame   0x000004b4      0x1b0 hal/src/hal_spi_s_sync.o
 .debug_frame   0x00000664       0x20 hal/utils/src/utils_assert.o
 .debug_frame   0x00000684      0x434 hpl/adc/hpl_adc.o
 .debug_frame   0x00000ab8       0xfc hpl/core/hpl_core_m0plus_base.o
 .debug_frame   0x00000bb4       0x28 hpl/core/hpl_init.o
 .debug_frame   0x00000bdc      0x130 hpl/dac/hpl_dac.o
 .debug_frame   0x00000d0c       0x30 hpl/gclk/hpl_gclk.o
 .debug_frame   0x00000d3c       0x20 hpl/mclk/hpl_mclk.o
 .debug_frame   0x00000d5c       0x20 hpl/osc32kctrl/hpl_osc32kctrl.o
 .debug_frame   0x00000d7c       0x30 hpl/oscctrl/hpl_oscctrl.o
 .debug_frame   0x00000dac       0x40 hpl/pm/hpl_pm.o
 .debug_frame   0x00000dec      0xdfc hpl/sercom/hpl_sercom.o
 .debug_frame   0x00001be8       0x88 main.o
 .debug_frame   0x00001c70       0x20 c:/program files (x86)/atmel/studio/7.0/toolchain/arm/arm-gnu-toolchain/bin/../lib/gcc/arm-none-eabi/6.3.1/thumb/v6-m\libgcc.a(_udivsi3.o)
 .debug_frame   0x00001c90       0x20 c:/program files (x86)/atmel/studio/7.0/toolchain/arm/arm-gnu-toolchain/bin/../lib/gcc/arm-none-eabi/6.3.1/thumb/v6-m\libgcc.a(_divsi3.o)
 .debug_frame   0x00001cb0       0x2c c:/program files (x86)/atmel/studio/7.0/toolchain/arm/arm-gnu-toolchain/bin/../lib/gcc/arm-none-eabi/6.3.1/thumb/v6-m\libgcc.a(_fixunsdfsi.o)
 .debug_frame   0x00001cdc       0x3c c:/program files (x86)/atmel/studio/7.0/toolchain/arm/arm-gnu-toolchain/bin/../lib/gcc/arm-none-eabi/6.3.1/thumb/v6-m\libgcc.a(adddf3.o)
 .debug_frame   0x00001d18       0x3c c:/program files (x86)/atmel/studio/7.0/toolchain/arm/arm-gnu-toolchain/bin/../lib/gcc/arm-none-eabi/6.3.1/thumb/v6-m\libgcc.a(divdf3.o)
 .debug_frame   0x00001d54       0x38 c:/program files (x86)/atmel/studio/7.0/toolchain/arm/arm-gnu-toolchain/bin/../lib/gcc/arm-none-eabi/6.3.1/thumb/v6-m\libgcc.a(eqdf2.o)
 .debug_frame   0x00001d8c       0x38 c:/program files (x86)/atmel/studio/7.0/toolchain/arm/arm-gnu-toolchain/bin/../lib/gcc/arm-none-eabi/6.3.1/thumb/v6-m\libgcc.a(gedf2.o)
 .debug_frame   0x00001dc4       0x38 c:/program files (x86)/atmel/studio/7.0/toolchain/arm/arm-gnu-toolchain/bin/../lib/gcc/arm-none-eabi/6.3.1/thumb/v6-m\libgcc.a(ledf2.o)
 .debug_frame   0x00001dfc       0x38 c:/program files (x86)/atmel/studio/7.0/toolchain/arm/arm-gnu-toolchain/bin/../lib/gcc/arm-none-eabi/6.3.1/thumb/v6-m\libgcc.a(subdf3.o)
 .debug_frame   0x00001e34       0x2c c:/program files (x86)/atmel/studio/7.0/toolchain/arm/arm-gnu-toolchain/bin/../lib/gcc/arm-none-eabi/6.3.1/thumb/v6-m\libgcc.a(fixdfsi.o)
 .debug_frame   0x00001e60       0x2c c:/program files (x86)/atmel/studio/7.0/toolchain/arm/arm-gnu-toolchain/bin/../lib/gcc/arm-none-eabi/6.3.1/thumb/v6-m\libgcc.a(floatsidf.o)
 .debug_frame   0x00001e8c       0x28 c:/program files (x86)/atmel/studio/7.0/toolchain/arm/arm-gnu-toolchain/bin/../lib/gcc/arm-none-eabi/6.3.1/thumb/v6-m\libgcc.a(floatunsidf.o)
 .debug_frame   0x00001eb4       0x2c c:/program files (x86)/atmel/studio/7.0/toolchain/arm/arm-gnu-toolchain/bin/../lib/gcc/arm-none-eabi/6.3.1/../../../../arm-none-eabi/lib/thumb/v6-m\libc_nano.a(lib_a-init.o)
